// Vitest Snapshot v1, https://vitest.dev/guide/snapshot.html

exports[`総合の合成（2.2） > 総合結果の表を固定する 1`] = `
[
  "OK,OK,OK | OK | OK | NG",
  "OK,OK,NG | NG | NG | NG",
  "OK,OK,UNREADABLE | UNREADABLE | UNREADABLE | UNREADABLE",
  "OK,OK,SKIP | OK | OK | NG",
  "OK,NG,OK | NG | NG | NG",
  "OK,NG,NG | NG | NG | NG",
  "OK,NG,UNREADABLE | NG | NG | NG",
  "OK,NG,SKIP | NG | NG | NG",
  "OK,UNREADABLE,OK | UNREADABLE | UNREADABLE | UNREADABLE",
  "OK,UNREADABLE,NG | NG | NG | NG",
  "OK,UNREADABLE,UNREADABLE | UNREADABLE | UNREADABLE | UNREADABLE",
  "OK,UNREADABLE,SKIP | UNREADABLE | UNREADABLE | UNREADABLE",
  "OK,SKIP,OK | OK | OK | NG",
  "OK,SKIP,NG | NG | NG | NG",
  "OK,SKIP,UNREADABLE | UNREADABLE | UNREADABLE | UNREADABLE",
  "OK,SKIP,SKIP | OK | OK | NG",
  "NG,OK,OK | NG | NG | NG",
  "NG,OK,NG | NG | NG | NG",
  "NG,OK,UNREADABLE | NG | NG | NG",
  "NG,OK,SKIP | NG | NG | NG",
  "NG,NG,OK | NG | NG | NG",
  "NG,NG,NG | NG | NG | NG",
  "NG,NG,UNREADABLE | NG | NG | NG",
  "NG,NG,SKIP | NG | NG | NG",
  "NG,UNREADABLE,OK | NG | NG | NG",
  "NG,UNREADABLE,NG | NG | NG | NG",
  "NG,UNREADABLE,UNREADABLE | NG | NG | NG",
  "NG,UNREADABLE,SKIP | NG | NG | NG",
  "NG,SKIP,OK | NG | NG | NG",
  "NG,SKIP,NG | NG | NG | NG",
  "NG,SKIP,UNREADABLE | NG | NG | NG",
  "NG,SKIP,SKIP | NG | NG | NG",
  "UNREADABLE,OK,OK | UNREADABLE | UNREADABLE | UNREADABLE",
  "UNREADABLE,OK,NG | NG | NG | NG",
  "UNREADABLE,OK,UNREADABLE | UNREADABLE | UNREADABLE | UNREADABLE",
  "UNREADABLE,OK,SKIP | UNREADABLE | UNREADABLE | UNREADABLE",
  "UNREADABLE,NG,OK | NG | NG | NG",
  "UNREADABLE,NG,NG | NG | NG | NG",
  "UNREADABLE,NG,UNREADABLE | NG | NG | NG",
  "UNREADABLE,NG,SKIP | NG | NG | NG",
  "UNREADABLE,UNREADABLE,OK | UNREADABLE | UNREADABLE | UNREADABLE",
  "UNREADABLE,UNREADABLE,NG | NG | NG | NG",
  "UNREADABLE,UNREADABLE,UNREADABLE | UNREADABLE | UNREADABLE | UNREADABLE",
  "UNREADABLE,UNREADABLE,SKIP | UNREADABLE | UNREADABLE | UNREADABLE",
  "UNREADABLE,SKIP,OK | UNREADABLE | UNREADABLE | UNREADABLE",
  "UNREADABLE,SKIP,NG | NG | NG | NG",
  "UNREADABLE,SKIP,UNREADABLE | UNREADABLE | UNREADABLE | UNREADABLE",
  "UNREADABLE,SKIP,SKIP | UNREADABLE | UNREADABLE | UNREADABLE",
  "SKIP,OK,OK | OK | OK | NG",
  "SKIP,OK,NG | NG | NG | NG",
  "SKIP,OK,UNREADABLE | UNREADABLE | UNREADABLE | UNREADABLE",
  "SKIP,OK,SKIP | OK | OK | NG",
  "SKIP,NG,OK | NG | NG | NG",
  "SKIP,NG,NG | NG | NG | NG",
  "SKIP,NG,UNREADABLE | NG | NG | NG",
  "SKIP,NG,SKIP | NG | NG | NG",
  "SKIP,UNREADABLE,OK | UNREADABLE | UNREADABLE | UNREADABLE",
  "SKIP,UNREADABLE,NG | NG | NG | NG",
  "SKIP,UNREADABLE,UNREADABLE | UNREADABLE | UNREADABLE | UNREADABLE",
  "SKIP,UNREADABLE,SKIP | UNREADABLE | UNREADABLE | UNREADABLE",
  "SKIP,SKIP,OK | OK | OK | NG",
  "SKIP,SKIP,NG | NG | NG | NG",
  "SKIP,SKIP,UNREADABLE | UNREADABLE | UNREADABLE | UNREADABLE",
  "SKIP,SKIP,SKIP | ERROR | ERROR | ERROR",
]
`;
